23:17:55 **** Build of configuration flash for project periph_plu ****
make -r -j4 all 
Building file: ../src/plutest.c
Building file: ../src/system.c
Invoking: MCU C Compiler
arm-none-eabi-gcc -DDEBUG -DCR_INTEGER_PRINTF -D__USE_CMSIS -D__CODE_RED -DCORE_M0PLUS -D__MTB_DISABLE -D__MTB_BUFFER_SIZE=256 -D__REDLIB__ -I"D:\ENS\Formation\2_An\M1_E3A\S1\441_Info_indus\Projet\mcux\periph_plu\inc" -I"D:\ENS\Formation\2_An\M1_E3A\S1\441_Info_indus\Projet\mcux\peripherals_lib\inc" -I"D:\ENS\Formation\2_An\M1_E3A\S1\441_Info_indus\Projet\mcux\utilities_lib\inc" -I"D:\ENS\Formation\2_An\M1_E3A\S1\441_Info_indus\Projet\mcux\common\inc" -O0 -fno-common -g3 -Wall -c -fmessage-length=0 -fno-builtin -ffunction-sections -fdata-sections -fmerge-constants -fmacro-prefix-map="../src/"=. -mcpu=cortex-m0 -mthumb -fstack-usage -specs=redlib.specs -MMD -MP -MF"src/plutest.d" -MT"src/plutest.o" -MT"src/plutest.d" -o "src/plutest.o" "../src/plutest.c"
Invoking: MCU C Compiler
arm-none-eabi-gcc -DDEBUG -DCR_INTEGER_PRINTF -D__USE_CMSIS -D__CODE_RED -DCORE_M0PLUS -D__MTB_DISABLE -D__MTB_BUFFER_SIZE=256 -D__REDLIB__ -I"D:\ENS\Formation\2_An\M1_E3A\S1\441_Info_indus\Projet\mcux\periph_plu\inc" -I"D:\ENS\Formation\2_An\M1_E3A\S1\441_Info_indus\Projet\mcux\peripherals_lib\inc" -I"D:\ENS\Formation\2_An\M1_E3A\S1\441_Info_indus\Projet\mcux\utilities_lib\inc" -I"D:\ENS\Formation\2_An\M1_E3A\S1\441_Info_indus\Projet\mcux\common\inc" -O0 -fno-common -g3 -Wall -c -fmessage-length=0 -fno-builtin -ffunction-sections -fdata-sections -fmerge-constants -fmacro-prefix-map="../src/"=. -mcpu=cortex-m0 -mthumb -fstack-usage -specs=redlib.specs -MMD -MP -MF"src/system.d" -MT"src/system.o" -MT"src/system.d" -o "src/system.o" "../src/system.c"
In file included from ../src/plutest.c:37:
D:\ENS\Formation\2_An\M1_E3A\S1\441_Info_indus\Projet\mcux\peripherals_lib\inc/plu.h:20: warning: ignoring #pragma anon_unions  [-Wunknown-pragmas]
   20 | #pragma anon_unions
      | 
Finished building: ../src/plutest.c
Finished building: ../src/system.c
 
 
Building target: periph_plu.axf
Invoking: MCU Linker
arm-none-eabi-gcc -nostdlib -L"D:\ENS\Formation\2_An\M1_E3A\S1\441_Info_indus\Projet\mcux\peripherals_lib\flash" -L"D:\ENS\Formation\2_An\M1_E3A\S1\441_Info_indus\Projet\mcux\utilities_lib\flash" -Xlinker -Map="periph_plu.map" -Xlinker --gc-sections -Xlinker -print-memory-usage -mcpu=cortex-m0 -mthumb -T "periph_plu_flash.ld" -o "periph_plu.axf"  ./src/MCUXpresso_cr_startup.o ./src/MCUXpresso_crp.o ./src/MCUXpresso_mtb.o ./src/plutest.o ./src/system.o   -lperipherals_lib -lutilities_lib
Memory region         Used Size  Region Size  %age Used
        MFlash32:        4544 B      32640 B     13.92%
         RamLoc4:         204 B         4 KB      4.98%
Finished building target: periph_plu.axf
 
make --no-print-directory post-build
Performing post-build steps
arm-none-eabi-size "periph_plu.axf"; # arm-none-eabi-objcopy -v -O binary "periph_plu.axf" "periph_plu.bin" ; # checksum -p LPC804 -d "periph_plu.bin";
   text	   data	    bss	    dec	    hex	filename
   4524	     20	    184	   4728	   1278	periph_plu.axf
 

23:17:56 Build Finished. 0 errors, 1 warnings. (took 726ms)

