23:17:58 **** Build of configuration flash for project SPI_Wakeup_Master ****
make -r -j4 all 
Building file: ../src/SPI_Master.c
Building file: ../src/Serial.c
Building file: ../src/system.c
Invoking: MCU C Compiler
Invoking: MCU C Compiler
arm-none-eabi-gcc -DDEBUG -DCR_INTEGER_PRINTF -D__USE_CMSIS -D__CODE_RED -DCORE_M0PLUS -D__MTB_DISABLE -D__MTB_BUFFER_SIZE=256 -D__REDLIB__ -I"D:\ENS\Formation\2_An\M1_E3A\S1\441_Info_indus\Projet\mcux\SPI_Wakeup_Master\inc" -I"D:\ENS\Formation\2_An\M1_E3A\S1\441_Info_indus\Projet\mcux\peripherals_lib\inc" -I"D:\ENS\Formation\2_An\M1_E3A\S1\441_Info_indus\Projet\mcux\utilities_lib\inc" -I"D:\ENS\Formation\2_An\M1_E3A\S1\441_Info_indus\Projet\mcux\common\inc" -O0 -fno-common -g3 -Wall -c -fmessage-length=0 -fno-builtin -ffunction-sections -fdata-sections -fmerge-constants -fmacro-prefix-map="../src/"=. -mcpu=cortex-m0 -mthumb -fstack-usage -specs=redlib.specs -MMD -MP -MF"src/SPI_Master.d" -MT"src/SPI_Master.o" -MT"src/SPI_Master.d" -o "src/SPI_Master.o" "../src/SPI_Master.c"
Invoking: MCU C Compiler
arm-none-eabi-gcc -DDEBUG -DCR_INTEGER_PRINTF -D__USE_CMSIS -D__CODE_RED -DCORE_M0PLUS -D__MTB_DISABLE -D__MTB_BUFFER_SIZE=256 -D__REDLIB__ -I"D:\ENS\Formation\2_An\M1_E3A\S1\441_Info_indus\Projet\mcux\SPI_Wakeup_Master\inc" -I"D:\ENS\Formation\2_An\M1_E3A\S1\441_Info_indus\Projet\mcux\peripherals_lib\inc" -I"D:\ENS\Formation\2_An\M1_E3A\S1\441_Info_indus\Projet\mcux\utilities_lib\inc" -I"D:\ENS\Formation\2_An\M1_E3A\S1\441_Info_indus\Projet\mcux\common\inc" -O0 -fno-common -g3 -Wall -c -fmessage-length=0 -fno-builtin -ffunction-sections -fdata-sections -fmerge-constants -fmacro-prefix-map="../src/"=. -mcpu=cortex-m0 -mthumb -fstack-usage -specs=redlib.specs -MMD -MP -MF"src/system.d" -MT"src/system.o" -MT"src/system.d" -o "src/system.o" "../src/system.c"
arm-none-eabi-gcc -DDEBUG -DCR_INTEGER_PRINTF -D__USE_CMSIS -D__CODE_RED -DCORE_M0PLUS -D__MTB_DISABLE -D__MTB_BUFFER_SIZE=256 -D__REDLIB__ -I"D:\ENS\Formation\2_An\M1_E3A\S1\441_Info_indus\Projet\mcux\SPI_Wakeup_Master\inc" -I"D:\ENS\Formation\2_An\M1_E3A\S1\441_Info_indus\Projet\mcux\peripherals_lib\inc" -I"D:\ENS\Formation\2_An\M1_E3A\S1\441_Info_indus\Projet\mcux\utilities_lib\inc" -I"D:\ENS\Formation\2_An\M1_E3A\S1\441_Info_indus\Projet\mcux\common\inc" -O0 -fno-common -g3 -Wall -c -fmessage-length=0 -fno-builtin -ffunction-sections -fdata-sections -fmerge-constants -fmacro-prefix-map="../src/"=. -mcpu=cortex-m0 -mthumb -fstack-usage -specs=redlib.specs -MMD -MP -MF"src/Serial.d" -MT"src/Serial.o" -MT"src/Serial.d" -o "src/Serial.o" "../src/Serial.c"
Finished building: ../src/SPI_Master.c
 
Finished building: ../src/Serial.c
Finished building: ../src/system.c
 
 
Building target: SPI_Wakeup_Master.axf
Invoking: MCU Linker
arm-none-eabi-gcc -nostdlib -L"D:\ENS\Formation\2_An\M1_E3A\S1\441_Info_indus\Projet\mcux\peripherals_lib\flash" -L"D:\ENS\Formation\2_An\M1_E3A\S1\441_Info_indus\Projet\mcux\utilities_lib\flash" -Xlinker -Map="SPI_Wakeup_Master.map" -Xlinker --gc-sections -Xlinker -print-memory-usage -mcpu=cortex-m0 -mthumb -T "USART_Wakeup_Master_flash.ld" -o "SPI_Wakeup_Master.axf"  ./src/MCUXpresso_Retarget.o ./src/MCUXpresso_cr_startup.o ./src/MCUXpresso_crp.o ./src/MCUXpresso_mtb.o ./src/SPI_Master.o ./src/Serial.o ./src/system.o   -lperipherals_lib -lutilities_lib
Memory region         Used Size  Region Size  %age Used
        MFlash32:       14312 B      32640 B     43.85%
         RamLoc4:         220 B         4 KB      5.37%
Finished building target: SPI_Wakeup_Master.axf
 
make --no-print-directory post-build
Performing post-build steps
arm-none-eabi-size "SPI_Wakeup_Master.axf"; # arm-none-eabi-objcopy -v -O binary "SPI_Wakeup_Master.axf" "SPI_Wakeup_Master.bin" ; # checksum -p LPC804 -d "SPI_Wakeup_Master.bin";
   text	   data	    bss	    dec	    hex	filename
  14284	     28	    192	  14504	   38a8	SPI_Wakeup_Master.axf
 

23:17:58 Build Finished. 0 errors, 0 warnings. (took 725ms)

